// Jest Snapshot v1, https://goo.gl/fbAQLP

exports[`AddAthleteTable renders correctly 1`] = `
<div
  className="makeStyles-root-1"
>
  <div
    className="MuiPaper-root makeStyles-tableContainer-2 MuiPaper-elevation1 MuiPaper-rounded"
  >
    <div
      className="makeStyles-tableBodyContainer-4"
    >
      <table
        className="MuiTable-root makeStyles-tableBody-5 MuiTable-stickyHeader"
      >
        <thead
          className="MuiTableHead-root"
        >
          <tr
            className="MuiTableRow-root MuiTableRow-head"
          >
            <th
              aria-sort={null}
              className="MuiTableCell-root MuiTableCell-head MuiTableCell-stickyHeader"
              scope="col"
            >
              <b>
                Status
              </b>
              <button
                aria-describedby={null}
                className="MuiButtonBase-root MuiIconButton-root MuiIconButton-sizeSmall"
                disabled={false}
                onBlur={[Function]}
                onDragLeave={[Function]}
                onFocus={[Function]}
                onKeyDown={[Function]}
                onKeyUp={[Function]}
                onMouseDown={[Function]}
                onMouseLeave={[Function]}
                onMouseOver={[Function]}
                onMouseUp={[Function]}
                onTouchEnd={[Function]}
                onTouchMove={[Function]}
                onTouchStart={[Function]}
                style={
                  Object {
                    "height": "30px",
                    "marginLeft": "4px",
                    "width": "30px",
                  }
                }
                tabIndex={0}
                title={null}
                type="button"
              >
                <span
                  className="MuiIconButton-label"
                >
                  <svg
                    aria-hidden="true"
                    className="MuiSvgIcon-root"
                    focusable="false"
                    role="presentation"
                    viewBox="0 0 24 24"
                  >
                    <path
                      d="M11 18h2v-2h-2v2zm1-16C6.48 2 2 6.48 2 12s4.48 10 10 10 10-4.48 10-10S17.52 2 12 2zm0 18c-4.41 0-8-3.59-8-8s3.59-8 8-8 8 3.59 8 8-3.59 8-8 8zm0-14c-2.21 0-4 1.79-4 4h2c0-1.1.9-2 2-2s2 .9 2 2c0 2-3 1.75-3 5h2c0-2.25 3-2.5 3-5 0-2.21-1.79-4-4-4z"
                    />
                  </svg>
                </span>
                <span
                  className="MuiTouchRipple-root"
                />
              </button>
            </th>
            <th
              aria-sort={null}
              className="MuiTableCell-root MuiTableCell-head MuiTableCell-stickyHeader"
              scope="col"
            >
              <b>
                Athlete Name
              </b>
            </th>
            <th
              aria-sort={null}
              className="MuiTableCell-root MuiTableCell-head MuiTableCell-alignRight MuiTableCell-stickyHeader"
              scope="col"
            >
              <b>
                Birthdate
              </b>
            </th>
            <th
              aria-sort={null}
              className="MuiTableCell-root MuiTableCell-head MuiTableCell-alignRight MuiTableCell-stickyHeader"
              scope="col"
            >
              <b>
                School Year
              </b>
            </th>
            <th
              aria-sort={null}
              className="MuiTableCell-root MuiTableCell-head MuiTableCell-alignRight MuiTableCell-stickyHeader"
              scope="col"
            >
              <b>
                Gender
              </b>
            </th>
            <th
              aria-sort={null}
              className="MuiTableCell-root MuiTableCell-head MuiTableCell-alignRight MuiTableCell-stickyHeader"
              scope="col"
            >
              <b>
                Weight (lbs)
              </b>
            </th>
            <th
              aria-sort={null}
              className="MuiTableCell-root MuiTableCell-head MuiTableCell-alignRight MuiTableCell-stickyHeader"
              scope="col"
            >
              <b>
                Height (inches)
              </b>
            </th>
            <th
              aria-sort={null}
              className="MuiTableCell-root MuiTableCell-head MuiTableCell-alignRight MuiTableCell-stickyHeader"
              scope="col"
            >
              <b>
                Email
              </b>
            </th>
            <th
              aria-sort={null}
              className="MuiTableCell-root MuiTableCell-head MuiTableCell-alignRight MuiTableCell-stickyHeader"
              scope="col"
            >
              <b>
                Cell Phone
              </b>
            </th>
            <th
              aria-sort={null}
              className="MuiTableCell-root MuiTableCell-head MuiTableCell-alignRight MuiTableCell-stickyHeader"
              scope="col"
            >
              <b>
                Home Phone
              </b>
            </th>
            <th
              aria-sort={null}
              className="MuiTableCell-root MuiTableCell-head MuiTableCell-alignRight MuiTableCell-stickyHeader"
              scope="col"
            >
              <b>
                Emergency Contact Name
              </b>
            </th>
            <th
              aria-sort={null}
              className="MuiTableCell-root MuiTableCell-head MuiTableCell-alignRight MuiTableCell-stickyHeader"
              scope="col"
            >
              <b>
                Emergency Contact Phone
              </b>
            </th>
            <th
              aria-sort={null}
              className="MuiTableCell-root MuiTableCell-head MuiTableCell-alignRight MuiTableCell-stickyHeader"
              scope="col"
            >
              <b>
                Emergency Contact Email
              </b>
            </th>
          </tr>
        </thead>
        <tbody
          className="MuiTableBody-root"
        >
          <tr
            className="MuiTableRow-root makeStyles-tableRow-6 MuiTableRow-hover"
          >
            <th
              aria-sort={null}
              className="MuiTableCell-root MuiTableCell-body MuiTableCell-alignLeft"
              scope="row"
            >
              <button
                className="MuiButtonBase-root MuiIconButton-root"
                disabled={false}
                onBlur={[Function]}
                onClick={[Function]}
                onDragLeave={[Function]}
                onFocus={[Function]}
                onKeyDown={[Function]}
                onKeyUp={[Function]}
                onMouseDown={[Function]}
                onMouseLeave={[Function]}
                onMouseUp={[Function]}
                onTouchEnd={[Function]}
                onTouchMove={[Function]}
                onTouchStart={[Function]}
                style={
                  Object {
                    "color": "#F2A71E",
                  }
                }
                tabIndex={0}
                type="button"
              >
                <span
                  className="MuiIconButton-label"
                >
                  <svg
                    aria-hidden="true"
                    className="MuiSvgIcon-root"
                    focusable="false"
                    role="presentation"
                    viewBox="0 0 24 24"
                  >
                    <path
                      d="M15 12c2.21 0 4-1.79 4-4s-1.79-4-4-4-4 1.79-4 4 1.79 4 4 4zm-9-2V7H4v3H1v2h3v3h2v-3h3v-2H6zm9 4c-2.67 0-8 1.34-8 4v2h16v-2c0-2.66-5.33-4-8-4z"
                    />
                  </svg>
                </span>
                <span
                  className="MuiTouchRipple-root"
                />
              </button>
            </th>
            <th
              aria-sort={null}
              className="MuiTableCell-root MuiTableCell-body"
              scope="row"
            >
              Test name
            </th>
            <td
              aria-sort={null}
              className="MuiTableCell-root MuiTableCell-body MuiTableCell-alignRight"
            >
              Test birthdate
            </td>
            <td
              aria-sort={null}
              className="MuiTableCell-root MuiTableCell-body MuiTableCell-alignRight"
            >
              1
            </td>
            <td
              aria-sort={null}
              className="MuiTableCell-root MuiTableCell-body MuiTableCell-alignRight"
            >
              Test gender
            </td>
            <td
              aria-sort={null}
              className="MuiTableCell-root MuiTableCell-body MuiTableCell-alignRight"
            >
              1
            </td>
            <td
              aria-sort={null}
              className="MuiTableCell-root MuiTableCell-body MuiTableCell-alignRight"
            >
              1
            </td>
            <td
              aria-sort={null}
              className="MuiTableCell-root MuiTableCell-body MuiTableCell-alignRight"
            >
              Test email
            </td>
            <td
              aria-sort={null}
              className="MuiTableCell-root MuiTableCell-body MuiTableCell-alignRight"
            >
              Test cellPhone
            </td>
            <td
              aria-sort={null}
              className="MuiTableCell-root MuiTableCell-body MuiTableCell-alignRight"
            >
              Test homePhone
            </td>
            <td
              aria-sort={null}
              className="MuiTableCell-root MuiTableCell-body MuiTableCell-alignRight"
            >
              Test name
            </td>
            <td
              aria-sort={null}
              className="MuiTableCell-root MuiTableCell-body MuiTableCell-alignRight"
            />
            <td
              aria-sort={null}
              className="MuiTableCell-root MuiTableCell-body MuiTableCell-alignRight"
            >
              Test email
            </td>
          </tr>
        </tbody>
      </table>
    </div>
  </div>
</div>
`;
